2026-05-29 20:17:08,469 - [EVENTO: INFO] - [NUEVO VIAJE] El conductor prueba@uta.edu.ec publicó el Viaje #25 de Izamba(Antiguo Redondel) a Campus Huachi.
2026-05-29 20:18:37,513 - [EVENTO: INFO] - [SOLICITUD] El pasajero ptoapanta1032@uta.edu.ec solicitó unirse al Viaje #25 (Solicitud #14).
2026-05-29 20:19:18,118 - [EVENTO: INFO] - [PASAJERO ACEPTADO] El conductor prueba@uta.edu.ec ACEPTÓ la Solicitud #14 del pasajero ptoapanta1032@uta.edu.ec para el Viaje #25.
2026-05-29 20:19:31,995 - [EVENTO: INFO] - [ESTADO VIAJE] El Viaje #25 cambió de No iniciado a En curso por el conductor prueba@uta.edu.ec.
2026-05-29 20:20:33,067 - [EVENTO: INFO] - [ESTADO VIAJE] El Viaje #25 cambió de En curso a Finalizado por el conductor prueba@uta.edu.ec.
2026-05-29 20:26:20,922 - [EVENTO: INFO] - [NUEVO VIAJE] El conductor prueba@uta.edu.ec publicó el Viaje #26 de Centro de Idiomas Miraflores a Campus Ingahurco.
2026-05-29 20:27:31,924 - [EVENTO: INFO] - [SOLICITUD] El pasajero ptoapanta1032@uta.edu.ec solicitó unirse al Viaje #26 (Solicitud #15).
2026-05-29 20:31:31,014 - [EVENTO: INFO] - [PASAJERO ACEPTADO] El conductor prueba@uta.edu.ec ACEPTÓ la Solicitud #15 del pasajero ptoapanta1032@uta.edu.ec para el Viaje #26.
2026-05-29 20:33:06,614 - [EVENTO: INFO] - [RESERVA CANCELADA] El pasajero ptoapanta1032@uta.edu.ec CANCELÓ su reserva (Solicitud #15) para el Viaje #26.
2026-05-29 20:33:33,229 - [EVENTO: INFO] - [ESTADO VIAJE] El Viaje #26 cambió de No iniciado a En curso por el conductor prueba@uta.edu.ec.
2026-05-29 20:33:37,487 - [EVENTO: INFO] - [ESTADO VIAJE] El Viaje #26 cambió de En curso a Finalizado por el conductor prueba@uta.edu.ec.
2026-05-29 20:48:16,008 - [EVENTO: INFO] - [NUEVO VIAJE] El conductor prueba@uta.edu.ec publicó el Viaje #27 de Parque 12 de Noviembre a Campus Querochaca.
2026-05-29 20:49:06,427 - [EVENTO: INFO] - [SOLICITUD] El pasajero ptoapanta1032@uta.edu.ec solicitó unirse al Viaje #27 (Solicitud #16).
2026-05-29 20:49:25,517 - [EVENTO: INFO] - [PASAJERO ACEPTADO] El conductor prueba@uta.edu.ec ACEPTÓ la Solicitud #16 del pasajero ptoapanta1032@uta.edu.ec para el Viaje #27.
2026-05-29 20:49:32,687 - [EVENTO: INFO] - [ESTADO VIAJE] El Viaje #27 cambió de No iniciado a En curso por el conductor prueba@uta.edu.ec.
2026-05-29 20:49:37,697 - [EVENTO: INFO] - [ESTADO VIAJE] El Viaje #27 cambió de En curso a Finalizado por el conductor prueba@uta.edu.ec.
2026-05-30 08:55:52,301 - [EVENTO: INFO] - [NUEVO VIAJE] El conductor mortiz8105@uta.edu.ec publicó el Viaje #28 de Izamba(Ex Redondel) a Campus Huachi.
2026-05-30 08:57:01,985 - [EVENTO: INFO] - [SOLICITUD] El pasajero drodriguez4126@uta.edu.ec solicitó unirse al Viaje #28 (Solicitud #17).
2026-05-30 08:57:14,422 - [EVENTO: INFO] - [SOLICITUD] El pasajero lperez9138@uta.edu.ec solicitó unirse al Viaje #28 (Solicitud #18).
2026-05-30 08:57:30,320 - [EVENTO: INFO] - [SOLICITUD] El pasajero ptoapanta1032@uta.edu.ec solicitó unirse al Viaje #28 (Solicitud #19).
2026-05-30 08:58:23,108 - [EVENTO: INFO] - [SOLICITUD] El pasajero echiluisa0257@uta.edu.ec solicitó unirse al Viaje #28 (Solicitud #20).
2026-05-30 08:58:58,520 - [EVENTO: INFO] - [PASAJERO RECHAZADO] El conductor mortiz8105@uta.edu.ec RECHAZÓ la Solicitud #20 del pasajero echiluisa0257@uta.edu.ec para el Viaje #28.
2026-05-30 08:59:33,652 - [EVENTO: INFO] - [PASAJERO ACEPTADO] El conductor mortiz8105@uta.edu.ec ACEPTÓ la Solicitud #17 del pasajero drodriguez4126@uta.edu.ec para el Viaje #28.
2026-05-30 08:59:40,840 - [EVENTO: INFO] - [PASAJERO ACEPTADO] El conductor mortiz8105@uta.edu.ec ACEPTÓ la Solicitud #18 del pasajero lperez9138@uta.edu.ec para el Viaje #28.
2026-05-30 09:02:38,509 - [EVENTO: INFO] - [ESTADO VIAJE] El Viaje #28 cambió de No iniciado a En curso por el conductor mortiz8105@uta.edu.ec.
2026-05-30 09:03:25,950 - [EVENTO: INFO] - [PASAJERO RECHAZADO] El conductor mortiz8105@uta.edu.ec RECHAZÓ la Solicitud #19 del pasajero ptoapanta1032@uta.edu.ec para el Viaje #28.
2026-05-30 09:03:36,078 - [EVENTO: INFO] - [ESTADO VIAJE] El Viaje #28 cambió de En curso a Finalizado por el conductor mortiz8105@uta.edu.ec.
2026-05-30 09:08:39,966 - [EVENTO: INFO] - [NUEVO VIAJE] El conductor echiluisa0257@uta.edu.ec publicó el Viaje #29 de Edificio Educacion Continua a Campus Querochaca.
2026-05-30 09:09:14,373 - [EVENTO: INFO] - [SOLICITUD] El pasajero lperez9138@uta.edu.ec solicitó unirse al Viaje #29 (Solicitud #21).
2026-05-30 09:09:46,746 - [EVENTO: INFO] - [PASAJERO ACEPTADO] El conductor echiluisa0257@uta.edu.ec ACEPTÓ la Solicitud #21 del pasajero lperez9138@uta.edu.ec para el Viaje #29.
2026-05-30 09:10:37,299 - [EVENTO: INFO] - [RESERVA CANCELADA] El pasajero lperez9138@uta.edu.ec CANCELÓ su reserva (Solicitud #21) para el Viaje #29.
2026-05-30 09:11:09,815 - [EVENTO: INFO] - [SOLICITUD] El pasajero drodriguez4126@uta.edu.ec solicitó unirse al Viaje #29 (Solicitud #22).
2026-05-30 09:11:47,103 - [EVENTO: INFO] - [PASAJERO ACEPTADO] El conductor echiluisa0257@uta.edu.ec ACEPTÓ la Solicitud #22 del pasajero drodriguez4126@uta.edu.ec para el Viaje #29.
2026-05-30 09:12:04,268 - [EVENTO: INFO] - [ESTADO VIAJE] El Viaje #29 cambió de No iniciado a En curso por el conductor echiluisa0257@uta.edu.ec.
2026-05-30 09:12:50,937 - [EVENTO: INFO] - [ESTADO VIAJE] El Viaje #29 cambió de En curso a Finalizado por el conductor echiluisa0257@uta.edu.ec.
2026-05-30 09:16:56,357 - [EVENTO: INFO] - [NUEVO VIAJE] El conductor echiluisa0257@uta.edu.ec publicó el Viaje #30 de Terminal Pillaro a Mall de los Andes.
2026-05-30 09:18:36,218 - [EVENTO: INFO] - [NUEVO VIAJE] El conductor echiluisa0257@uta.edu.ec publicó el Viaje #31 de Redondel Huachi a Campus Ingahurco.
2026-05-30 09:19:51,450 - [EVENTO: INFO] - [NUEVO VIAJE] El conductor mortiz8105@uta.edu.ec publicó el Viaje #32 de Paseo Shopping a Terminal Ingahurco.
2026-05-30 09:20:15,519 - [EVENTO: INFO] - [SOLICITUD] El pasajero mortiz8105@uta.edu.ec solicitó unirse al Viaje #31 (Solicitud #23).
2026-05-30 09:20:40,389 - [EVENTO: INFO] - [PASAJERO ACEPTADO] El conductor echiluisa0257@uta.edu.ec ACEPTÓ la Solicitud #23 del pasajero mortiz8105@uta.edu.ec para el Viaje #31.
2026-05-30 09:32:21,675 - [EVENTO: INFO] - [ESTADO VIAJE] El Viaje #32 cambió de No iniciado a En curso por el conductor mortiz8105@uta.edu.ec.
2026-05-30 09:32:24,383 - [EVENTO: INFO] - [ESTADO VIAJE] El Viaje #32 cambió de En curso a Finalizado por el conductor mortiz8105@uta.edu.ec.
